exports[`test renders correctly 1`] = `
<div
  className="ArtworkPreview-Overlay"
  onClick={[Function]}>
  <div
    className="ArtworkPreview">
    <div
      className="ArtworkPreview-Image">
      <img
        alt="Soup Can"
        src="can.jpg" />
    </div>
    <div
      className="ArtworkPreview-Details">
      <p
        className="ArtworkPreview-Name">
        Soup Can
      </p>
      <p
        className="ArtworkPreview-Status">
        Deleted: 
        false
         
        <br />
        Published: 
        true
         
        <br />
        Genomed: 
        true
      </p>
      <p
        className="ArtworkPreview-Links">
        View artwork in:
        <a
          href="https://helix.artsy.net/genome/artworks?artwork_ids=can">
          Helix
        </a>
        |
        <a
          href="https://cms.artsy.net/artworks/can/edit?current_partner_id=undefined">
          CMS
        </a>
        |
        <a
          href="https://www.artsy.net/artwork/can">
          Artsy.net
        </a>
      </p>
      <p
        className="ArtworkPreview-Links">
        View artist in:
        <a
          href="https://helix.artsy.net/genome/artist?search[genome_artist_id]=undefined">
          Helix
        </a>
      </p>
    </div>
  </div>
</div>
`;
