exports[`test renders correctly 1`] = `
<div
  className="SelectedTag">
  Clown
  <a
    className="SelectedTag-remove"
    href="#"
    onClick={[Function]}>
    âœ•
  </a>
</div>
`;
