exports[`test renders correctly 1`] = `
<div
  className="SelectedPartner">
  Gagosian
  <a
    className="SelectedPartner-remove"
    href="#"
    onClick={[Function]}>
    âœ•
  </a>
</div>
`;
