exports[`test renders correctly 1`] = `
<div
  className="SelectedFair">
  Frieze
  <a
    className="SelectedFair-remove"
    href="#"
    onClick={[Function]}>
    âœ•
  </a>
</div>
`;
