exports[`test renders correctly 1`] = `
<div
  className="SelectedGene">
  Kawaii
  <a
    className="SelectedGene-remove"
    href="#"
    onClick={[Function]}>
    âœ•
  </a>
</div>
`;
