exports[`test renders correctly 1`] = `
<div>
  <input
    onChange={[Function]}
    type="text" />
  <div
    className="parsed" />
</div>
`;
