exports[`test renders correctly 1`] = `
<div>
  <div>
    <input
      onChange={[Function]}
      placeholder="Select a published date"
      type="text"
      value="" />
    <div
      className="parsed">
      <a
        href="#"
        onClick={[Function]} />
    </div>
  </div>
</div>
`;
